// Jest Snapshot v1, https://goo.gl/fbAQLP

exports[`ButtonClose Component Test Snapshot 1`] = `
<div>
  <span
    class="close"
  >
    <img
      alt="Photo"
      class=""
      data-nimg="1"
      decoding="async"
      height="40"
      loading="lazy"
      src="/_next/image?url=%2Fimg.jpg&w=96&q=75"
      srcset="/_next/image?url=%2Fimg.jpg&w=48&q=75 1x, /_next/image?url=%2Fimg.jpg&w=96&q=75 2x"
      style="color: transparent;"
      width="40"
    />
  </span>
</div>
`;

exports[`ButtonClose Component Test role img and className close 1`] = `
<div>
  <span
    class="close"
  >
    <img
      alt="Photo"
      class=""
      data-nimg="1"
      decoding="async"
      height="40"
      loading="lazy"
      src="/_next/image?url=%2Fimg.jpg&w=96&q=75"
      srcset="/_next/image?url=%2Fimg.jpg&w=48&q=75 1x, /_next/image?url=%2Fimg.jpg&w=96&q=75 2x"
      style="color: transparent;"
      width="40"
    />
  </span>
</div>
`;
