// Jest Snapshot v1, https://goo.gl/fbAQLP

exports[`ButtonDetails Component Test Snapshot 1`] = `
<div>
  <button
    class="profileslist__button"
  >
    <a
      href="/profiles_details/1"
    >
      Details
    </a>
  </button>
</div>
`;
